// Jest Snapshot v1, https://goo.gl/fbAQLP

exports[`>>>MobileCompany-- Shallow Render REACT COMPONENTS render company 1`] = `
<div
  className="MobileCompany"
>
  <div
    className="MobileCompanyTitle"
  >
    <div>
      <input
        onClick={[Function]}
        type="button"
        value="Velcom"
      />
      <input
        onClick={[Function]}
        type="button"
        value="MTC"
      />
    </div>
    <div
      className=""
    >
      <label
        htmlFor="filter"
      >
        Show
      </label>
      <select
        id="filter"
        onChange={[Function]}
        value={undefined}
      >
        <option
          value="all"
        >
          All
        </option>
        <option
          value="active"
        >
          Active
        </option>
        <option
          value="blocked"
        >
          Blocked
        </option>
      </select>
    </div>
  </div>
  <div
    className="MobileCompanyName"
  >
    Компания «
    Velcom
    »
  </div>
  <div
    className="MobileCompanyClients"
  >
    <div
      className="MobileClient"
    >
      <div
        className="MobileClient"
      >
        <span
          className="MobileClientId"
        >
          101
        </span>
        <div
          className="MobileClientFio"
        >
          <div
            className="MobileClientFioContainer"
          >
            <span>
              Иванов Иван Иванович
            </span>
            <button
              onClick={[Function]}
            >
              Edit
            </button>
          </div>
        </div>
        <div>
          <span
            className="MobileClientBalance"
          >
            200
          </span>
          <button
            className="decrease"
            onClick={[Function]}
          >
            Decrease
          </button>
          <button
            className="increase"
            onClick={[Function]}
          >
            Increase
          </button>
        </div>
        <div
          className="MobileClientActive"
        >
          <span
            className="MobileClientActiveActive"
          >
            Active
          </span>
        </div>
        <div
          className="MobileClientDelete"
        >
          <button
            className="delete"
            onClick={[Function]}
          >
            Delete
          </button>
        </div>
      </div>
    </div>
    <div
      className="MobileClient"
    >
      <div
        className="MobileClient"
      >
        <span
          className="MobileClientId"
        >
          105
        </span>
        <div
          className="MobileClientFio"
        >
          <div
            className="MobileClientFioContainer"
          >
            <span>
              Сидоров Сидор Сидорович
            </span>
            <button
              onClick={[Function]}
            >
              Edit
            </button>
          </div>
        </div>
        <div>
          <span
            className="MobileClientBalance"
          >
            250
          </span>
          <button
            className="decrease"
            onClick={[Function]}
          >
            Decrease
          </button>
          <button
            className="increase"
            onClick={[Function]}
          >
            Increase
          </button>
        </div>
        <div
          className="MobileClientActive"
        >
          <span
            className="MobileClientActiveActive"
          >
            Active
          </span>
        </div>
        <div
          className="MobileClientDelete"
        >
          <button
            className="delete"
            onClick={[Function]}
          >
            Delete
          </button>
        </div>
      </div>
    </div>
    <div
      className="MobileClient"
    >
      <div
        className="MobileClient"
      >
        <span
          className="MobileClientId"
        >
          110
        </span>
        <div
          className="MobileClientFio"
        >
          <div
            className="MobileClientFioContainer"
          >
            <span>
              Петров Пётр Петрович
            </span>
            <button
              onClick={[Function]}
            >
              Edit
            </button>
          </div>
        </div>
        <div>
          <span
            className="MobileClientBalance"
          >
            -1
          </span>
          <button
            className="decrease"
            onClick={[Function]}
          >
            Decrease
          </button>
          <button
            className="increase"
            onClick={[Function]}
          >
            Increase
          </button>
        </div>
        <div
          className="MobileClientActive"
        >
          <span
            className="MobileClientActiveBlocked"
          >
            Blocked
          </span>
        </div>
        <div
          className="MobileClientDelete"
        >
          <button
            className="delete"
            onClick={[Function]}
          >
            Delete
          </button>
        </div>
      </div>
    </div>
    <div
      className="MobileClient"
    >
      <div
        className="MobileClient"
      >
        <span
          className="MobileClientId"
        >
          120
        </span>
        <div
          className="MobileClientFio"
        >
          <div
            className="MobileClientFioContainer"
          >
            <span>
              Григорьев Григорий Григорьевич
            </span>
            <button
              onClick={[Function]}
            >
              Edit
            </button>
          </div>
        </div>
        <div>
          <span
            className="MobileClientBalance"
          >
            220
          </span>
          <button
            className="decrease"
            onClick={[Function]}
          >
            Decrease
          </button>
          <button
            className="increase"
            onClick={[Function]}
          >
            Increase
          </button>
        </div>
        <div
          className="MobileClientActive"
        >
          <span
            className="MobileClientActiveActive"
          >
            Active
          </span>
        </div>
        <div
          className="MobileClientDelete"
        >
          <button
            className="delete"
            onClick={[Function]}
          >
            Delete
          </button>
        </div>
      </div>
    </div>
  </div>
  <button
    className="MobileNewClientButton"
    onClick={[Function]}
  >
    Add new client
  </button>
</div>
`;
